[MAP]
Version=2
Pitch0=0
InstrName0=
Raster0=5
Length0=0
DisplayWidth0=0
LengthDot0=0
RasterDot0=0
DisplayWidthDot0=0
UsingGlobal0=1
OutPitch0=0
OutChan0=-1
Pitch1=1
InstrName1=
Raster1=5
Length1=0
DisplayWidth1=0
LengthDot1=0
RasterDot1=0
DisplayWidthDot1=0
UsingGlobal1=1
OutPitch1=1
OutChan1=-1
Pitch2=2
InstrName2=
Raster2=5
Length2=0
DisplayWidth2=0
LengthDot2=0
RasterDot2=0
DisplayWidthDot2=0
UsingGlobal2=1
OutPitch2=2
OutChan2=-1
Pitch3=3
InstrName3=
Raster3=5
Length3=0
DisplayWidth3=0
LengthDot3=0
RasterDot3=0
DisplayWidthDot3=0
UsingGlobal3=1
OutPitch3=3
OutChan3=-1
Pitch4=4
InstrName4=
Raster4=5
Length4=0
DisplayWidth4=0
LengthDot4=0
RasterDot4=0
DisplayWidthDot4=0
UsingGlobal4=1
OutPitch4=4
OutChan4=-1
Pitch5=5
InstrName5=
Raster5=5
Length5=0
DisplayWidth5=0
LengthDot5=0
RasterDot5=0
DisplayWidthDot5=0
UsingGlobal5=1
OutPitch5=5
OutChan5=-1
Pitch6=6
InstrName6=
Raster6=5
Length6=0
DisplayWidth6=0
LengthDot6=0
RasterDot6=0
DisplayWidthDot6=0
UsingGlobal6=1
OutPitch6=6
OutChan6=-1
Pitch7=7
InstrName7=
Raster7=5
Length7=0
DisplayWidth7=0
LengthDot7=0
RasterDot7=0
DisplayWidthDot7=0
UsingGlobal7=1
OutPitch7=7
OutChan7=-1
Pitch8=8
InstrName8=
Raster8=5
Length8=0
DisplayWidth8=0
LengthDot8=0
RasterDot8=0
DisplayWidthDot8=0
UsingGlobal8=1
OutPitch8=8
OutChan8=-1
Pitch9=9
InstrName9=
Raster9=5
Length9=0
DisplayWidth9=0
LengthDot9=0
RasterDot9=0
DisplayWidthDot9=0
UsingGlobal9=1
OutPitch9=9
OutChan9=-1
Pitch10=10
InstrName10=
Raster10=5
Length10=0
DisplayWidth10=0
LengthDot10=0
RasterDot10=0
DisplayWidthDot10=0
UsingGlobal10=1
OutPitch10=10
OutChan10=-1
Pitch11=11
InstrName11=
Raster11=5
Length11=0
DisplayWidth11=0
LengthDot11=0
RasterDot11=0
DisplayWidthDot11=0
UsingGlobal11=1
OutPitch11=11
OutChan11=-1
Pitch12=12
InstrName12=
Raster12=5
Length12=0
DisplayWidth12=0
LengthDot12=0
RasterDot12=0
DisplayWidthDot12=0
UsingGlobal12=1
OutPitch12=12
OutChan12=-1
Pitch13=13
InstrName13=
Raster13=5
Length13=0
DisplayWidth13=0
LengthDot13=0
RasterDot13=0
DisplayWidthDot13=0
UsingGlobal13=1
OutPitch13=13
OutChan13=-1
Pitch14=14
InstrName14=
Raster14=5
Length14=0
DisplayWidth14=0
LengthDot14=0
RasterDot14=0
DisplayWidthDot14=0
UsingGlobal14=1
OutPitch14=14
OutChan14=-1
Pitch15=15
InstrName15=
Raster15=5
Length15=0
DisplayWidth15=0
LengthDot15=0
RasterDot15=0
DisplayWidthDot15=0
UsingGlobal15=1
OutPitch15=15
OutChan15=-1
Pitch16=16
InstrName16=
Raster16=5
Length16=0
DisplayWidth16=0
LengthDot16=0
RasterDot16=0
DisplayWidthDot16=0
UsingGlobal16=1
OutPitch16=16
OutChan16=-1
Pitch17=17
InstrName17=
Raster17=5
Length17=0
DisplayWidth17=0
LengthDot17=0
RasterDot17=0
DisplayWidthDot17=0
UsingGlobal17=1
OutPitch17=17
OutChan17=-1
Pitch18=18
InstrName18=
Raster18=5
Length18=0
DisplayWidth18=0
LengthDot18=0
RasterDot18=0
DisplayWidthDot18=0
UsingGlobal18=1
OutPitch18=18
OutChan18=-1
Pitch19=19
InstrName19=
Raster19=5
Length19=0
DisplayWidth19=0
LengthDot19=0
RasterDot19=0
DisplayWidthDot19=0
UsingGlobal19=1
OutPitch19=19
OutChan19=-1
Pitch20=20
InstrName20=
Raster20=5
Length20=0
DisplayWidth20=0
LengthDot20=0
RasterDot20=0
DisplayWidthDot20=0
UsingGlobal20=1
OutPitch20=20
OutChan20=-1
Pitch21=21
InstrName21=
Raster21=5
Length21=0
DisplayWidth21=0
LengthDot21=0
RasterDot21=0
DisplayWidthDot21=0
UsingGlobal21=1
OutPitch21=21
OutChan21=-1
Pitch22=22
InstrName22=
Raster22=5
Length22=0
DisplayWidth22=0
LengthDot22=0
RasterDot22=0
DisplayWidthDot22=0
UsingGlobal22=1
OutPitch22=22
OutChan22=-1
Pitch23=23
InstrName23=
Raster23=5
Length23=0
DisplayWidth23=0
LengthDot23=0
RasterDot23=0
DisplayWidthDot23=0
UsingGlobal23=1
OutPitch23=23
OutChan23=-1
Pitch24=24
InstrName24=
Raster24=5
Length24=0
DisplayWidth24=0
LengthDot24=0
RasterDot24=0
DisplayWidthDot24=0
UsingGlobal24=1
OutPitch24=24
OutChan24=-1
Pitch25=25
InstrName25=
Raster25=5
Length25=0
DisplayWidth25=0
LengthDot25=0
RasterDot25=0
DisplayWidthDot25=0
UsingGlobal25=1
OutPitch25=25
OutChan25=-1
Pitch26=26
InstrName26=
Raster26=5
Length26=0
DisplayWidth26=0
LengthDot26=0
RasterDot26=0
DisplayWidthDot26=0
UsingGlobal26=1
OutPitch26=26
OutChan26=-1
Pitch27=27
InstrName27=
Raster27=5
Length27=0
DisplayWidth27=0
LengthDot27=0
RasterDot27=0
DisplayWidthDot27=0
UsingGlobal27=1
OutPitch27=27
OutChan27=-1
Pitch28=28
InstrName28=
Raster28=5
Length28=0
DisplayWidth28=0
LengthDot28=0
RasterDot28=0
DisplayWidthDot28=0
UsingGlobal28=1
OutPitch28=28
OutChan28=-1
Pitch29=29
InstrName29=
Raster29=5
Length29=0
DisplayWidth29=0
LengthDot29=0
RasterDot29=0
DisplayWidthDot29=0
UsingGlobal29=1
OutPitch29=29
OutChan29=-1
Pitch30=30
InstrName30=
Raster30=5
Length30=0
DisplayWidth30=0
LengthDot30=0
RasterDot30=0
DisplayWidthDot30=0
UsingGlobal30=1
OutPitch30=30
OutChan30=-1
Pitch31=31
InstrName31=
Raster31=5
Length31=0
DisplayWidth31=0
LengthDot31=0
RasterDot31=0
DisplayWidthDot31=0
UsingGlobal31=1
OutPitch31=31
OutChan31=-1
Pitch32=32
InstrName32=
Raster32=5
Length32=0
DisplayWidth32=0
LengthDot32=0
RasterDot32=0
DisplayWidthDot32=0
UsingGlobal32=1
OutPitch32=32
OutChan32=-1
Pitch33=33
InstrName33=
Raster33=5
Length33=0
DisplayWidth33=0
LengthDot33=0
RasterDot33=0
DisplayWidthDot33=0
UsingGlobal33=1
OutPitch33=33
OutChan33=-1
Pitch34=34
InstrName34=
Raster34=5
Length34=0
DisplayWidth34=0
LengthDot34=0
RasterDot34=0
DisplayWidthDot34=0
UsingGlobal34=1
OutPitch34=34
OutChan34=-1
Pitch35=35
InstrName35=
Raster35=5
Length35=0
DisplayWidth35=0
LengthDot35=0
RasterDot35=0
DisplayWidthDot35=0
UsingGlobal35=1
OutPitch35=35
OutChan35=-1
Pitch36=36
InstrName36=KICK
Raster36=5
Length36=0
DisplayWidth36=0
LengthDot36=0
RasterDot36=0
DisplayWidthDot36=0
UsingGlobal36=1
OutPitch36=36
OutChan36=-1
Pitch37=37
InstrName37=SIDE-STICK
Raster37=5
Length37=0
DisplayWidth37=0
LengthDot37=0
RasterDot37=0
DisplayWidthDot37=0
UsingGlobal37=1
OutPitch37=37
OutChan37=-1
Pitch38=38
InstrName38=SNARE
Raster38=5
Length38=0
DisplayWidth38=0
LengthDot38=0
RasterDot38=0
DisplayWidthDot38=0
UsingGlobal38=1
OutPitch38=38
OutChan38=-1
Pitch39=39
InstrName39=(snare)
Raster39=5
Length39=0
DisplayWidth39=0
LengthDot39=0
RasterDot39=0
DisplayWidthDot39=0
UsingGlobal39=1
OutPitch39=39
OutChan39=-1
Pitch40=40
InstrName40=(snare)
Raster40=5
Length40=0
DisplayWidth40=0
LengthDot40=0
RasterDot40=0
DisplayWidthDot40=0
UsingGlobal40=1
OutPitch40=40
OutChan40=-1
Pitch41=41
InstrName41=TOM LOW
Raster41=5
Length41=0
DisplayWidth41=0
LengthDot41=0
RasterDot41=0
DisplayWidthDot41=0
UsingGlobal41=1
OutPitch41=41
OutChan41=-1
Pitch42=42
InstrName42=HI-HAT CLOSED
Raster42=5
Length42=0
DisplayWidth42=0
LengthDot42=0
RasterDot42=0
DisplayWidthDot42=0
UsingGlobal42=1
OutPitch42=42
OutChan42=-1
Pitch43=43
InstrName43=(tom low)
Raster43=5
Length43=0
DisplayWidth43=0
LengthDot43=0
RasterDot43=0
DisplayWidthDot43=0
UsingGlobal43=1
OutPitch43=43
OutChan43=-1
Pitch44=44
InstrName44=H-H HALF OPEN
Raster44=5
Length44=0
DisplayWidth44=0
LengthDot44=0
RasterDot44=0
DisplayWidthDot44=0
UsingGlobal44=1
OutPitch44=44
OutChan44=-1
Pitch45=45
InstrName45=TOM MID
Raster45=5
Length45=0
DisplayWidth45=0
LengthDot45=0
RasterDot45=0
DisplayWidthDot45=0
UsingGlobal45=1
OutPitch45=45
OutChan45=-1
Pitch46=46
InstrName46=HI-HAT OPEN
Raster46=5
Length46=0
DisplayWidth46=0
LengthDot46=0
RasterDot46=0
DisplayWidthDot46=0
UsingGlobal46=1
OutPitch46=46
OutChan46=-1
Pitch47=47
InstrName47=(tom mid)
Raster47=5
Length47=0
DisplayWidth47=0
LengthDot47=0
RasterDot47=0
DisplayWidthDot47=0
UsingGlobal47=1
OutPitch47=47
OutChan47=-1
Pitch48=48
InstrName48=TOM HI
Raster48=5
Length48=0
DisplayWidth48=0
LengthDot48=0
RasterDot48=0
DisplayWidthDot48=0
UsingGlobal48=1
OutPitch48=48
OutChan48=-1
Pitch49=49
InstrName49=CRASH L
Raster49=5
Length49=0
DisplayWidth49=0
LengthDot49=0
RasterDot49=0
DisplayWidthDot49=0
UsingGlobal49=1
OutPitch49=49
OutChan49=-1
Pitch50=50
InstrName50=(tom hi)
Raster50=5
Length50=0
DisplayWidth50=0
LengthDot50=0
RasterDot50=0
DisplayWidthDot50=0
UsingGlobal50=1
OutPitch50=50
OutChan50=-1
Pitch51=51
InstrName51=RIDE
Raster51=5
Length51=0
DisplayWidth51=0
LengthDot51=0
RasterDot51=0
DisplayWidthDot51=0
UsingGlobal51=1
OutPitch51=51
OutChan51=-1
Pitch52=52
InstrName52=CHINA
Raster52=5
Length52=0
DisplayWidth52=0
LengthDot52=0
RasterDot52=0
DisplayWidthDot52=0
UsingGlobal52=1
OutPitch52=52
OutChan52=-1
Pitch53=53
InstrName53=RIDE BELL
Raster53=5
Length53=0
DisplayWidth53=0
LengthDot53=0
RasterDot53=0
DisplayWidthDot53=0
UsingGlobal53=1
OutPitch53=53
OutChan53=-1
Pitch54=54
InstrName54=.
Raster54=5
Length54=0
DisplayWidth54=0
LengthDot54=0
RasterDot54=0
DisplayWidthDot54=0
UsingGlobal54=1
OutPitch54=54
OutChan54=-1
Pitch55=55
InstrName55=SPLASH
Raster55=5
Length55=0
DisplayWidth55=0
LengthDot55=0
RasterDot55=0
DisplayWidthDot55=0
UsingGlobal55=1
OutPitch55=55
OutChan55=-1
Pitch56=56
InstrName56=.
Raster56=5
Length56=0
DisplayWidth56=0
LengthDot56=0
RasterDot56=0
DisplayWidthDot56=0
UsingGlobal56=1
OutPitch56=56
OutChan56=-1
Pitch57=57
InstrName57=CRASH R (main)
Raster57=5
Length57=0
DisplayWidth57=0
LengthDot57=0
RasterDot57=0
DisplayWidthDot57=0
UsingGlobal57=1
OutPitch57=57
OutChan57=-1
Pitch58=58
InstrName58=CRASH R STOP
Raster58=5
Length58=0
DisplayWidth58=0
LengthDot58=0
RasterDot58=0
DisplayWidthDot58=0
UsingGlobal58=1
OutPitch58=58
OutChan58=-1
Pitch59=59
InstrName59=.
Raster59=5
Length59=0
DisplayWidth59=0
LengthDot59=0
RasterDot59=0
DisplayWidthDot59=0
UsingGlobal59=1
OutPitch59=59
OutChan59=-1
Pitch60=60
InstrName60=HI-HAT OPEN
Raster60=5
Length60=0
DisplayWidth60=0
LengthDot60=0
RasterDot60=0
DisplayWidthDot60=0
UsingGlobal60=1
OutPitch60=60
OutChan60=-1
Pitch61=61
InstrName61=H-H HALF OPEN
Raster61=5
Length61=0
DisplayWidth61=0
LengthDot61=0
RasterDot61=0
DisplayWidthDot61=0
UsingGlobal61=1
OutPitch61=61
OutChan61=-1
Pitch62=62
InstrName62=HI-HAT CLOSED
Raster62=5
Length62=0
DisplayWidth62=0
LengthDot62=0
RasterDot62=0
DisplayWidthDot62=0
UsingGlobal62=1
OutPitch62=62
OutChan62=-1
Pitch63=63
InstrName63=(hi-hat closed)
Raster63=5
Length63=0
DisplayWidth63=0
LengthDot63=0
RasterDot63=0
DisplayWidthDot63=0
UsingGlobal63=1
OutPitch63=63
OutChan63=-1
Pitch64=64
InstrName64=.
Raster64=5
Length64=0
DisplayWidth64=0
LengthDot64=0
RasterDot64=0
DisplayWidthDot64=0
UsingGlobal64=1
OutPitch64=64
OutChan64=-1
Pitch65=65
InstrName65=HI-HAT PEDAL
Raster65=5
Length65=0
DisplayWidth65=0
LengthDot65=0
RasterDot65=0
DisplayWidthDot65=0
UsingGlobal65=1
OutPitch65=65
OutChan65=-1
Pitch66=66
InstrName66=
Raster66=5
Length66=0
DisplayWidth66=0
LengthDot66=0
RasterDot66=0
DisplayWidthDot66=0
UsingGlobal66=1
OutPitch66=66
OutChan66=-1
Pitch67=67
InstrName67=
Raster67=5
Length67=0
DisplayWidth67=0
LengthDot67=0
RasterDot67=0
DisplayWidthDot67=0
UsingGlobal67=1
OutPitch67=67
OutChan67=-1
Pitch68=68
InstrName68=
Raster68=5
Length68=0
DisplayWidth68=0
LengthDot68=0
RasterDot68=0
DisplayWidthDot68=0
UsingGlobal68=1
OutPitch68=68
OutChan68=-1
Pitch69=69
InstrName69=
Raster69=5
Length69=0
DisplayWidth69=0
LengthDot69=0
RasterDot69=0
DisplayWidthDot69=0
UsingGlobal69=1
OutPitch69=69
OutChan69=-1
Pitch70=70
InstrName70=
Raster70=5
Length70=0
DisplayWidth70=0
LengthDot70=0
RasterDot70=0
DisplayWidthDot70=0
UsingGlobal70=1
OutPitch70=70
OutChan70=-1
Pitch71=71
InstrName71=
Raster71=5
Length71=0
DisplayWidth71=0
LengthDot71=0
RasterDot71=0
DisplayWidthDot71=0
UsingGlobal71=1
OutPitch71=71
OutChan71=-1
Pitch72=72
InstrName72=
Raster72=5
Length72=0
DisplayWidth72=0
LengthDot72=0
RasterDot72=0
DisplayWidthDot72=0
UsingGlobal72=1
OutPitch72=72
OutChan72=-1
Pitch73=73
InstrName73=
Raster73=5
Length73=0
DisplayWidth73=0
LengthDot73=0
RasterDot73=0
DisplayWidthDot73=0
UsingGlobal73=1
OutPitch73=73
OutChan73=-1
Pitch74=74
InstrName74=
Raster74=5
Length74=0
DisplayWidth74=0
LengthDot74=0
RasterDot74=0
DisplayWidthDot74=0
UsingGlobal74=1
OutPitch74=74
OutChan74=-1
Pitch75=75
InstrName75=
Raster75=5
Length75=0
DisplayWidth75=0
LengthDot75=0
RasterDot75=0
DisplayWidthDot75=0
UsingGlobal75=1
OutPitch75=75
OutChan75=-1
Pitch76=76
InstrName76=
Raster76=5
Length76=0
DisplayWidth76=0
LengthDot76=0
RasterDot76=0
DisplayWidthDot76=0
UsingGlobal76=1
OutPitch76=76
OutChan76=-1
Pitch77=77
InstrName77=
Raster77=5
Length77=0
DisplayWidth77=0
LengthDot77=0
RasterDot77=0
DisplayWidthDot77=0
UsingGlobal77=1
OutPitch77=77
OutChan77=-1
Pitch78=78
InstrName78=
Raster78=5
Length78=0
DisplayWidth78=0
LengthDot78=0
RasterDot78=0
DisplayWidthDot78=0
UsingGlobal78=1
OutPitch78=78
OutChan78=-1
Pitch79=79
InstrName79=
Raster79=5
Length79=0
DisplayWidth79=0
LengthDot79=0
RasterDot79=0
DisplayWidthDot79=0
UsingGlobal79=1
OutPitch79=79
OutChan79=-1
Pitch80=80
InstrName80=
Raster80=5
Length80=0
DisplayWidth80=0
LengthDot80=0
RasterDot80=0
DisplayWidthDot80=0
UsingGlobal80=1
OutPitch80=80
OutChan80=-1
Pitch81=81
InstrName81=
Raster81=5
Length81=0
DisplayWidth81=0
LengthDot81=0
RasterDot81=0
DisplayWidthDot81=0
UsingGlobal81=1
OutPitch81=81
OutChan81=-1
Pitch82=82
InstrName82=
Raster82=5
Length82=0
DisplayWidth82=0
LengthDot82=0
RasterDot82=0
DisplayWidthDot82=0
UsingGlobal82=1
OutPitch82=82
OutChan82=-1
Pitch83=83
InstrName83=
Raster83=5
Length83=0
DisplayWidth83=0
LengthDot83=0
RasterDot83=0
DisplayWidthDot83=0
UsingGlobal83=1
OutPitch83=83
OutChan83=-1
Pitch84=84
InstrName84=
Raster84=5
Length84=0
DisplayWidth84=0
LengthDot84=0
RasterDot84=0
DisplayWidthDot84=0
UsingGlobal84=1
OutPitch84=84
OutChan84=-1
Pitch85=85
InstrName85=
Raster85=5
Length85=0
DisplayWidth85=0
LengthDot85=0
RasterDot85=0
DisplayWidthDot85=0
UsingGlobal85=1
OutPitch85=85
OutChan85=-1
Pitch86=86
InstrName86=
Raster86=5
Length86=0
DisplayWidth86=0
LengthDot86=0
RasterDot86=0
DisplayWidthDot86=0
UsingGlobal86=1
OutPitch86=86
OutChan86=-1
Pitch87=87
InstrName87=
Raster87=5
Length87=0
DisplayWidth87=0
LengthDot87=0
RasterDot87=0
DisplayWidthDot87=0
UsingGlobal87=1
OutPitch87=87
OutChan87=-1
Pitch88=88
InstrName88=
Raster88=5
Length88=0
DisplayWidth88=0
LengthDot88=0
RasterDot88=0
DisplayWidthDot88=0
UsingGlobal88=1
OutPitch88=88
OutChan88=-1
Pitch89=89
InstrName89=
Raster89=5
Length89=0
DisplayWidth89=0
LengthDot89=0
RasterDot89=0
DisplayWidthDot89=0
UsingGlobal89=1
OutPitch89=89
OutChan89=-1
Pitch90=90
InstrName90=
Raster90=5
Length90=0
DisplayWidth90=0
LengthDot90=0
RasterDot90=0
DisplayWidthDot90=0
UsingGlobal90=1
OutPitch90=90
OutChan90=-1
Pitch91=91
InstrName91=
Raster91=5
Length91=0
DisplayWidth91=0
LengthDot91=0
RasterDot91=0
DisplayWidthDot91=0
UsingGlobal91=1
OutPitch91=91
OutChan91=-1
Pitch92=92
InstrName92=
Raster92=5
Length92=0
DisplayWidth92=0
LengthDot92=0
RasterDot92=0
DisplayWidthDot92=0
UsingGlobal92=1
OutPitch92=92
OutChan92=-1
Pitch93=93
InstrName93=
Raster93=5
Length93=0
DisplayWidth93=0
LengthDot93=0
RasterDot93=0
DisplayWidthDot93=0
UsingGlobal93=1
OutPitch93=93
OutChan93=-1
Pitch94=94
InstrName94=
Raster94=5
Length94=0
DisplayWidth94=0
LengthDot94=0
RasterDot94=0
DisplayWidthDot94=0
UsingGlobal94=1
OutPitch94=94
OutChan94=-1
Pitch95=95
InstrName95=
Raster95=5
Length95=0
DisplayWidth95=0
LengthDot95=0
RasterDot95=0
DisplayWidthDot95=0
UsingGlobal95=1
OutPitch95=95
OutChan95=-1
Pitch96=96
InstrName96=
Raster96=5
Length96=0
DisplayWidth96=0
LengthDot96=0
RasterDot96=0
DisplayWidthDot96=0
UsingGlobal96=1
OutPitch96=96
OutChan96=-1
Pitch97=97
InstrName97=
Raster97=5
Length97=0
DisplayWidth97=0
LengthDot97=0
RasterDot97=0
DisplayWidthDot97=0
UsingGlobal97=1
OutPitch97=97
OutChan97=-1
Pitch98=98
InstrName98=
Raster98=5
Length98=0
DisplayWidth98=0
LengthDot98=0
RasterDot98=0
DisplayWidthDot98=0
UsingGlobal98=1
OutPitch98=98
OutChan98=-1
Pitch99=99
InstrName99=
Raster99=5
Length99=0
DisplayWidth99=0
LengthDot99=0
RasterDot99=0
DisplayWidthDot99=0
UsingGlobal99=1
OutPitch99=99
OutChan99=-1
Pitch100=100
InstrName100=
Raster100=5
Length100=0
DisplayWidth100=0
LengthDot100=0
RasterDot100=0
DisplayWidthDot100=0
UsingGlobal100=1
OutPitch100=100
OutChan100=-1
Pitch101=101
InstrName101=
Raster101=5
Length101=0
DisplayWidth101=0
LengthDot101=0
RasterDot101=0
DisplayWidthDot101=0
UsingGlobal101=1
OutPitch101=101
OutChan101=-1
Pitch102=102
InstrName102=
Raster102=5
Length102=0
DisplayWidth102=0
LengthDot102=0
RasterDot102=0
DisplayWidthDot102=0
UsingGlobal102=1
OutPitch102=102
OutChan102=-1
Pitch103=103
InstrName103=
Raster103=5
Length103=0
DisplayWidth103=0
LengthDot103=0
RasterDot103=0
DisplayWidthDot103=0
UsingGlobal103=1
OutPitch103=103
OutChan103=-1
Pitch104=104
InstrName104=
Raster104=5
Length104=0
DisplayWidth104=0
LengthDot104=0
RasterDot104=0
DisplayWidthDot104=0
UsingGlobal104=1
OutPitch104=104
OutChan104=-1
Pitch105=105
InstrName105=
Raster105=5
Length105=0
DisplayWidth105=0
LengthDot105=0
RasterDot105=0
DisplayWidthDot105=0
UsingGlobal105=1
OutPitch105=105
OutChan105=-1
Pitch106=106
InstrName106=
Raster106=5
Length106=0
DisplayWidth106=0
LengthDot106=0
RasterDot106=0
DisplayWidthDot106=0
UsingGlobal106=1
OutPitch106=106
OutChan106=-1
Pitch107=107
InstrName107=
Raster107=5
Length107=0
DisplayWidth107=0
LengthDot107=0
RasterDot107=0
DisplayWidthDot107=0
UsingGlobal107=1
OutPitch107=107
OutChan107=-1
Pitch108=108
InstrName108=
Raster108=5
Length108=0
DisplayWidth108=0
LengthDot108=0
RasterDot108=0
DisplayWidthDot108=0
UsingGlobal108=1
OutPitch108=108
OutChan108=-1
Pitch109=109
InstrName109=
Raster109=5
Length109=0
DisplayWidth109=0
LengthDot109=0
RasterDot109=0
DisplayWidthDot109=0
UsingGlobal109=1
OutPitch109=109
OutChan109=-1
Pitch110=110
InstrName110=
Raster110=5
Length110=0
DisplayWidth110=0
LengthDot110=0
RasterDot110=0
DisplayWidthDot110=0
UsingGlobal110=1
OutPitch110=110
OutChan110=-1
Pitch111=111
InstrName111=
Raster111=5
Length111=0
DisplayWidth111=0
LengthDot111=0
RasterDot111=0
DisplayWidthDot111=0
UsingGlobal111=1
OutPitch111=111
OutChan111=-1
Pitch112=112
InstrName112=
Raster112=5
Length112=0
DisplayWidth112=0
LengthDot112=0
RasterDot112=0
DisplayWidthDot112=0
UsingGlobal112=1
OutPitch112=112
OutChan112=-1
Pitch113=113
InstrName113=
Raster113=5
Length113=0
DisplayWidth113=0
LengthDot113=0
RasterDot113=0
DisplayWidthDot113=0
UsingGlobal113=1
OutPitch113=113
OutChan113=-1
Pitch114=114
InstrName114=
Raster114=5
Length114=0
DisplayWidth114=0
LengthDot114=0
RasterDot114=0
DisplayWidthDot114=0
UsingGlobal114=1
OutPitch114=114
OutChan114=-1
Pitch115=115
InstrName115=
Raster115=5
Length115=0
DisplayWidth115=0
LengthDot115=0
RasterDot115=0
DisplayWidthDot115=0
UsingGlobal115=1
OutPitch115=115
OutChan115=-1
Pitch116=116
InstrName116=
Raster116=5
Length116=0
DisplayWidth116=0
LengthDot116=0
RasterDot116=0
DisplayWidthDot116=0
UsingGlobal116=1
OutPitch116=116
OutChan116=-1
Pitch117=117
InstrName117=
Raster117=5
Length117=0
DisplayWidth117=0
LengthDot117=0
RasterDot117=0
DisplayWidthDot117=0
UsingGlobal117=1
OutPitch117=117
OutChan117=-1
Pitch118=118
InstrName118=
Raster118=5
Length118=0
DisplayWidth118=0
LengthDot118=0
RasterDot118=0
DisplayWidthDot118=0
UsingGlobal118=1
OutPitch118=118
OutChan118=-1
Pitch119=119
InstrName119=
Raster119=5
Length119=0
DisplayWidth119=0
LengthDot119=0
RasterDot119=0
DisplayWidthDot119=0
UsingGlobal119=1
OutPitch119=119
OutChan119=-1
Pitch120=120
InstrName120=
Raster120=5
Length120=0
DisplayWidth120=0
LengthDot120=0
RasterDot120=0
DisplayWidthDot120=0
UsingGlobal120=1
OutPitch120=120
OutChan120=-1
Pitch121=121
InstrName121=
Raster121=5
Length121=0
DisplayWidth121=0
LengthDot121=0
RasterDot121=0
DisplayWidthDot121=0
UsingGlobal121=1
OutPitch121=121
OutChan121=-1
Pitch122=122
InstrName122=
Raster122=5
Length122=0
DisplayWidth122=0
LengthDot122=0
RasterDot122=0
DisplayWidthDot122=0
UsingGlobal122=1
OutPitch122=122
OutChan122=-1
Pitch123=123
InstrName123=
Raster123=5
Length123=0
DisplayWidth123=0
LengthDot123=0
RasterDot123=0
DisplayWidthDot123=0
UsingGlobal123=1
OutPitch123=123
OutChan123=-1
Pitch124=124
InstrName124=
Raster124=5
Length124=0
DisplayWidth124=0
LengthDot124=0
RasterDot124=0
DisplayWidthDot124=0
UsingGlobal124=1
OutPitch124=124
OutChan124=-1
Pitch125=125
InstrName125=
Raster125=5
Length125=0
DisplayWidth125=0
LengthDot125=0
RasterDot125=0
DisplayWidthDot125=0
UsingGlobal125=1
OutPitch125=125
OutChan125=-1
Pitch126=126
InstrName126=
Raster126=5
Length126=0
DisplayWidth126=0
LengthDot126=0
RasterDot126=0
DisplayWidthDot126=0
UsingGlobal126=1
OutPitch126=126
OutChan126=-1
Pitch127=127
InstrName127=
Raster127=5
Length127=0
DisplayWidth127=0
LengthDot127=0
RasterDot127=0
DisplayWidthDot127=0
UsingGlobal127=1
OutPitch127=127
OutChan127=-1
